.git/config
.git/config.worktree
.git/description
.git/FETCH_HEAD
.git/HEAD
.git/hooks/applypatch-msg.sample
.git/hooks/commit-msg.sample
.git/hooks/fsmonitor-watchman.sample
.git/hooks/post-update.sample
.git/hooks/pre-applypatch.sample
.git/hooks/pre-commit.sample
.git/hooks/pre-merge-commit.sample
.git/hooks/pre-push.sample
.git/hooks/pre-rebase.sample
.git/hooks/pre-receive.sample
.git/hooks/prepare-commit-msg.sample
.git/hooks/push-to-checkout.sample
.git/hooks/sendemail-validate.sample
.git/hooks/update.sample
.git/index
.git/info/exclude
.git/logs/HEAD
.git/logs/refs/heads/main
.git/objects/0d/998580c5c71d631e25c724727bb03ef83040c8
.git/objects/0f/a5ad278e73ef9b6bccf37c3d0a1ca803d69574
.git/objects/11/2d8e7a4ef5b4d7881b878fcba332851db13794
.git/objects/1a/4f0891dbc260a9a2bcbb7403be64e0a7860f85
.git/objects/1d/c7d7500f7155c3da8e08e0e59db96056922083
.git/objects/24/5fa18f8f41ac1f7dc5651260015deb6a0dbd1f
.git/objects/25/acedaed7515c26d9cfbbf878983d24e2262b8c
.git/objects/26/e8d9d7d1a75db332134e66726c8efd9964664c
.git/objects/2d/c12afd24fcc15919dd37b5b1e0d2dc4c49733d
.git/objects/2d/e2bcb75ef4f88daaf7ec191ba7e20c232352b8
.git/objects/2e/c9dace9c16baf009774b73e9871921acd3f1d6
.git/objects/2f/e1fb4e052450247c4d514cafffab72028611af
.git/objects/33/0a5e0136e0f07c7af504ec1d870be26778e670
.git/objects/34/fdb6078df69d8652549324b0bce7040082e961
.git/objects/3a/599fc22902fa9cface60029cbdb1062914f1e4
.git/objects/3b/50caa7f0dbadbdd028306c93ac63c7065fdce5
.git/objects/4d/cd28ef531498b9bf582e67ee7150242d799c70
.git/objects/52/8640d32c913a3c22946b3235039e865d9a871b
.git/objects/53/165e61eeb0e38435452f36cb8200e35f799b0f
.git/objects/54/b9b5d61b377c16db3d8fd50f2843f56d902b51
.git/objects/60/797572b447100e74bf8c0e0a830e9547b54a2b
.git/objects/66/e965d3b4b9a445ee138b99c55a62cf888cae46
.git/objects/67/fe0e1dd4360958b4d66afa590353e114f3e1df
.git/objects/6b/a4508f50f3be235c07f1faad9073a127743d14
.git/objects/6c/7e31fffe3e03be3e0d7021acd9cd848e44db26
.git/objects/72/710a6eb94c51cbd48ff023ddca3f738ffeb1cd
.git/objects/72/9f71a6eede8b3b50e3467b099aff590de60c7a
.git/objects/7d/72e52ac3a53d35e9741ee64f3b5447baa44a27
.git/objects/80/c0c36f5997376e89eee45b53e8ac6ea14bace2
.git/objects/87/a9f2d2726d5780c5e7bcef356db4e175a7c89d
.git/objects/89/2e3c4bbb4790e134e755a3d391c4aac42ff8ed
.git/objects/8c/2e4d46f312173d61fe92f15f9d4934cc0a0c81
.git/objects/92/f57eb8d195b1a2b926ec2b19e5e9a45869dae2
.git/objects/93/42fc2c2dfb734fc7d59ac9c3c2a5c87df7434a
.git/objects/99/7b2258c19b8010618d84778c58610128254a51
.git/objects/9a/1d90578462baeaa77b920a472b94b42d88d660
.git/objects/9c/fd53af7f24c2b22a6812bda781cbac584e55e0
.git/objects/a2/0e2e42b2037f80e067d707330cc78839158988
.git/objects/a8/92433a25b20a0cb7e40366fe3931e28cbbaa87
.git/objects/af/1f64c992bb1736d991e7c21a28d7a41058d44a
.git/objects/b3/d7ab88dc7d2f5c738c8bb51ed593b25aa19dc0
.git/objects/b6/ee43fc63c4e97ac0c2633304988b3e0f9ce759
.git/objects/b8/f94243b6eb5757989a073aecf7ef7e3c0887cb
.git/objects/c2/323ef4f3fbd2a6f53160625829f64720aaaecb
.git/objects/c2/ec6d08c10135bed6f0f55fe85af77bbd964a43
.git/objects/c8/a707cfd49967fbf6dd426ab5dd00042ad355cf
.git/objects/ca/a7e6c98ca612e213223e732ccdac680d84c89f
.git/objects/d1/15d4ff64967db8fb6506b9e5557b5edd7ba7e3
.git/objects/d2/e4e8d9a8aeeee22519a3bf3cde9f78c29f9920
.git/objects/d2/f596ecc3ca2536971add955bcf08240c2b53d5
.git/objects/d6/f40993a2daff39739c06fe9a192dda63cf4a72
.git/objects/de/d3fcaa2e7653ea21b40534c6e3f7bf48117b52
.git/objects/e3/9c3270ca1e0690769934ffed8903c3ad54109e
.git/objects/e5/58b52034f8a9e31f26db95e969e134402d1fcb
.git/objects/e9/e93f5edaf93803a0295468437b0673c5d703d8
.git/objects/ea/7921b62e530b005dc210c05f1e68ac5f160695
.git/objects/eb/d31c0b8230bd8c5b9b409dfff22c164c8bab92
.git/objects/ec/99850373c2bc4a8c69a19c143ded138bf57d86
.git/objects/f2/487a486c558ec9b8485135f3ea37dd2a7363a4
.git/objects/f3/96726c1114314245a82bc9c6b5bc1512af5089
.git/objects/f4/524092047545a6800e2e4c22245ac43948d1f8
.git/objects/f4/cbc45712300f6f68737ef94e5cfe5d5e690c0e
.git/objects/f8/251833bb5d5217ddad33e1bf419cc163ae7931
.git/objects/fe/0fa56cd6a329dde62a24d814f73bb08e0ef293
.git/refs/heads/main
.git/refs/remotes/origin/main
.github/workflows/mlx-case-study.yml
.venv/bin/activate
.venv/bin/activate.csh
.venv/bin/activate.fish
.venv/bin/Activate.ps1
.venv/bin/f2py
.venv/bin/mlx.distributed_config
.venv/bin/mlx.launch
.venv/bin/numpy-config
.venv/bin/pip
.venv/bin/pip3
.venv/bin/pip3.12
.venv/pyvenv.cfg
ARTIFACT_EVALUATION_README.md
ASSUMPTION_BUG_DEMONSTRATION.md
BEGINNER_GUIDE.md
experiments/mlx_proof_matched_experiments.py
lake-version.log
lakefile.lean
lean-toolchain
lean-version.log
PACXAI.lean
PACXAI/Conditioning.lean
PACXAI/Core.lean
PACXAI/Distillation.lean
PACXAI/InfoTheory/DPI.lean
PACXAI/InfoTheory/FanoStyle.lean
PACXAI/InfoTheory/FiniteDistribution.lean
PACXAI/Leakage/FiniteCapacity.lean
PACXAI/PAC/MonteCarlo.lean
PACXAI/Recovery.lean
PACXAI/Transcript.lean
project-files.log
README.md
S_AND_P_POSITIONING.md
scripts/audit.sh
THREAT_MODEL.md
